45.1416
38.8584
131.947
13.369
0
1
1
0
1
1
0
0
6.28318
0
9.86959
1
1
1
0
0
0
1
0
1
