\documentclass{article}
\usepackage{graphicx}
\begin{document}
Edwards is a good prof\\
\begin{figure}[h]
\centering
\includegraphics[width=2.5in]{shrihan.png}
\label{fig_sim}
\end{figure}
Hans is a chill TA\\
\end{document}