  XXXXXXXXXXXXXX
  XXXXXXXXXXXXXX
        XX      
        XX      
        XX      
  XXXXXXXXXXXXXX
  XXXXXXXXXXXXXX
                
                
  XXXXXXXXXXXXXX
  XXXXXXXXXXXXXX
  XX    XX    XX
  XX    XX    XX
  XX    XX    XX
  XX          XX
                
                
  XXXXXXXXXXXXXX
  XXXXXXXXXXXXXX
  XX            
  XX            
  XX            
  XX            
                
                
  XXXXXXXXXXXXXX
  XXXXXXXXXXXXXX
  XX            
  XX            
  XX            
  XX            
                
    XXXXXXXXXX  
  XXXXXXXXXXXXXX
  XX          XX
  XX          XX
  XX          XX
  XXXXXXXXXXXXXX
    XXXXXXXXXX  
                
                
                
                
                
                
                
                
                
      XXXXXXXXXX
  XXXXXXXXXXXXXX
    XXXXXX      
      XXXXXX    
    XXXXXX      
  XXXXXXXXXXXXXX
      XXXXXXXXXX
                
    XXXXXXXXXX  
  XXXXXXXXXXXXXX
  XX          XX
  XX          XX
  XX          XX
  XXXXXXXXXXXXXX
    XXXXXXXXXX  
                
  XXXXXXXXXXXXXX
  XXXXXXXXXXXXXX
      XX      XX
    XXXX      XX
  XXXXXXXX    XX
  XXXX  XXXXXXXX
  XX    XXXXXX  
                
                
  XXXXXXXXXXXXXX
  XXXXXXXXXXXXXX
  XX            
  XX            
  XX            
  XX            
                
  XXXXXXXXXXXXXX
  XXXXXXXXXXXXXX
  XX          XX
  XX          XX
  XXXX      XXXX
    XXXXXXXXXX  
      XXXXXX    
                
